// Jest Snapshot v1, https://goo.gl/fbAQLP

exports[`TouchableHighlight renders correctly 1`] = `
<View
  acceptsKeyboardFocus={true}
  accessible={true}
  clickable={false}
<<<<<<< HEAD
  enableFocusRing={true}
=======
>>>>>>> v0.60.0
  isTVSelectable={true}
  onClick={[Function]}
  onResponderGrant={[Function]}
  onResponderMove={[Function]}
  onResponderRelease={[Function]}
  onResponderTerminate={[Function]}
  onResponderTerminationRequest={[Function]}
  onStartShouldSetResponder={[Function]}
  style={Object {}}
>
  <Text
    style={null}
  >
    Touchable
  </Text>
</View>
`;
